Traceback (most recent call last):
  File "<frozen runpy>", line 198, in _run_module_as_main
  File "<frozen runpy>", line 88, in _run_code
  File "/home/alex/share/superspinsim/__main__.py", line 28, in <module>
    from comparisons.comp_superspinsim import main
  File "/home/alex/share/superspinsim/comparisons/comp_superspinsim.py", line 1, in <module>
    import numpy as np
ModuleNotFoundError: No module named 'numpy'
0 1 3.2869296595454216
1 1 3.468733485788107
2 1 3.8837461844086647 0.012305044285951211299 0.012305044285951211299 0
3 1 4.628566002473235 0.013436607451778511447 0.012305044285951211299 0
4 1 5.169962784275413 0.013436607451778511447 0.012305044285951211299 0
5 1 6.512739639729261 0.0132168352602897615 0.012305044285951211299 0
6 1 7.584658864885569 0.013125821539738234044 0.012305044285951211299 0
7 1 9.846150867640972 0.00064945172831317051405 0.00064945172831317051405 0
8 1 11.634803090244532 0.00032888921028544719373 0.00032888921028544719373 0
9 1 15.003162872046232 0.00015456981312369451321 0.00015456981312369451321 0
10 1 19.567717988044024 0.00024172951170457085347 0.00015456981312369451321 0
11 1 24.44608610495925 0.00014503028902352978666 0.00015456981312369451321 0
12 1 32.02846703492105 0.00019668879582339080566 0.00015456981312369451321 0
13 1 40.48679525963962 0.00019668879582339080566 0.00015456981312369451321 0
14 1 52.1239118501544 0.00019668879582339080566 0.00015456981312369451321 0
15 1 68.2993073053658 1.1465683053942459981e-05 1.1465683053942459981e-05 0
16 1 87.26718407124281 1.0576663824844525466e-05 1.1465683053942459981e-05 0
17 1 113.38270729780197 2.5412746386773421287e-06 2.5412746386773421287e-06 0
18 1 146.88486985862255 1.7222785811682645335e-07 1.7222785811682645335e-07 0
19 1 190.31958469934762 2.9563368403794756079e-08 2.9563368403794756079e-08 0
20 1 247.06887120380998 6.5680501993527606227e-09 6.5680501993527606227e-09 0
/home/alex/share/superspinsim/comparisons/general.py:212: RuntimeWarning: More than 20 figures have been opened. Figures created through the pyplot interface (`matplotlib.pyplot.figure`) are retained until explicitly closed and may consume too much memory. (To control this warning, see the rcParam `figure.max_open_warning`). Consider using `matplotlib.pyplot.close()`.
  plt.figure(
21 1 321.08707025274634 2.4465174490572672812e-09 2.4465174490572672812e-09 0
22 1 416.0910622738302 1.0490482206404677641e-09 1.0490482206404677641e-09 0
23 1 541.3418421968818 5.9802395304997096123e-10 5.9802395304997096123e-10 0
24 1 703.744525976479 7.2553764675916972304e-10 5.9802395304997096123e-10 1
25 1 913.5218807198107 2.974203993880836537e-10 2.974203993880836537e-10 0
26 1 1186.7590583972633 2.9742513867127882358e-10 2.974203993880836537e-10 1
27 1 1542.9599137306213 4.1697636153543667803e-12 4.1697636153543667803e-12 0
28 1 2004.8771181534976 1.9704608705879367931e-12 1.9704608705879367931e-12 0
29 1 2601.4362097848207 3.0701122429711517868e-12 1.9704608705879367931e-12 1
30 1 3380.919602096081 3.0701122429711517868e-12 1.9704608705879367931e-12 2
31 1 4396.122019667178 3.0701122429711517868e-12 1.9704608705879367931e-12 3
0 1 2.5453765653073788
1 1 3.392219915986061
2 1 3.026486298069358 0.02000273002251987241 0.02000273002251987241 0
3 1 3.335294848307967 0.016035946210651465005 0.02000273002251987241 0
4 1 4.446107089519501 0.0145331131588390323505 0.0145331131588390323505 0
5 1 3.8448013328015804 0.01395593177049506166 0.0145331131588390323505 0
6 1 4.643110448494554 0.014098553496397450863 0.0145331131588390323505 0
7 1 5.973869159817696 0.0011757228681633776616 0.0011757228681633776616 0
8 1 6.319268548861146 0.0006732201794600489498 0.0006732201794600489498 0
9 1 7.256814548745751 0.00072831375535827818797 0.0006732201794600489498 0
10 1 8.838856399059296 0.00030075683708955556425 0.00030075683708955556425 0
11 1 12.037577960640192 0.0002357200494657922453 0.00030075683708955556425 0
12 1 13.672263573855162 0.0002378503469721455712 0.00030075683708955556425 0
13 1 17.172366987913847 0.0002378503469721455712 0.00030075683708955556425 0
14 1 23.018150309100747 0.0002378503469721455712 0.00030075683708955556425 0
15 1 27.994913335889578 1.6323007968634038686e-05 1.6323007968634038686e-05 0
16 1 36.16432551667094 5.5210213612181542825e-05 1.6323007968634038686e-05 0
17 1 46.95316479541361 3.189488670741923566e-05 1.6323007968634038686e-05 0
18 1 59.497424794360995 3.0791769660321163201e-06 3.0791769660321163201e-06 0
19 1 76.94064170308411 7.092146971931752447e-07 7.092146971931752447e-07 0
20 1 99.34258805587888 2.0671278621144617577e-07 2.0671278621144617577e-07 0
21 1 129.5358854662627 6.635387585753249725e-08 6.635387585753249725e-08 0
22 1 166.86805123463273 2.215874072494951071e-08 2.215874072494951071e-08 0
23 1 215.85087715648115 7.592193781685191964e-09 7.592193781685191964e-09 0
24 1 281.03160554356873 2.7637172505444116099e-09 2.7637172505444116099e-09 0
25 1 363.6049535050988 9.544731773914635156e-10 9.544731773914635156e-10 0
26 1 471.83763390779495 4.3145129107707456912e-10 4.3145129107707456912e-10 0
27 1 612.5481192972511 1.103238539218584086e-10 1.103238539218584086e-10 0
28 1 796.1751334294677 3.9347920043879884844e-11 3.9347920043879884844e-11 0
29 1 1033.3175930529833 3.7731523698383792822e-11 3.9347920043879884844e-11 1
30 1 1341.7717767674476 1.549650016134252438e-11 1.549650016134252438e-11 0
31 1 1746.621601684019 8.7446850643803564314e-12 8.7446850643803564314e-12 0
32 1 2266.886990463361 6.348193685451297242e-12 6.348193685451297242e-12 0
33 1 2947.1972931791097 5.4182100297550666053e-12 6.348193685451297242e-12 1
34 1 3830.575916711241 5.4659288904951397516e-12 6.348193685451297242e-12 2
35 1 4979.891818726435 5.226865848086111005e-12 6.348193685451297242e-12 3
0 1 2.49695148691535
1 1 2.2996467519551516
2 1 3.399534499272704 0.020387584273194778649 0.020387584273194778649 0
3 1 2.8197431564331055 0.01620362274182303474 0.020387584273194778649 0
4 1 2.6909881737083197 0.014156969305516919932 0.014156969305516919932 0
5 1 4.247772702947259 0.015180296023669977336 0.014156969305516919932 0
6 1 3.383087955415249 0.015180296023669977336 0.014156969305516919932 0
7 1 3.811158211901784 0.0017689176444281282233 0.0017689176444281282233 0
8 1 4.274847390130162 0.00034485217763373604584 0.00034485217763373604584 0
9 1 5.913933688774705 0.00024229743714745399612 0.00024229743714745399612 0
10 1 5.686624748632312 0.00029357480739059502099 0.00024229743714745399612 0
11 1 6.470720114186406 0.00029357480739059502099 0.00024229743714745399612 0
12 1 7.787661904469132 0.00029357480739059502099 0.00024229743714745399612 0
13 1 11.017659535631537 0.00029357480739059502099 0.00024229743714745399612 0
14 1 11.932776840403676 0.00029357480739059502099 0.00024229743714745399612 0
15 1 14.945288768038154 5.0666558635875153058e-05 5.0666558635875153058e-05 0
16 1 19.148077227175236 0.0002035702789533753105 5.0666558635875153058e-05 0
17 1 25.36507409065962 0.0001496292576931922413 5.0666558635875153058e-05 0
18 1 31.005878660827875 2.1157256752663503871e-05 2.1157256752663503871e-05 0
19 1 39.6932896245271 7.469982638536836277e-06 7.469982638536836277e-06 0
20 1 51.02089186757803 3.4249227573274806361e-06 3.4249227573274806361e-06 0
21 1 66.68656233139336 1.7634698698349046847e-06 1.7634698698349046847e-06 0
22 1 84.56773951090872 9.642401194852970962e-07 9.642401194852970962e-07 0
23 1 109.59674677997828 5.4557066481315616736e-07 5.4557066481315616736e-07 0
24 1 141.31835268624127 3.1451597648846552827e-07 3.1451597648846552827e-07 0
25 1 184.7847041040659 1.832567975380140816e-07 1.832567975380140816e-07 0
26 1 238.19109410233796 1.0747457261033935039e-07 1.0747457261033935039e-07 0
27 1 309.0088434237987 6.3246334630535811356e-08 6.3246334630535811356e-08 0
28 1 400.9563304018229 3.7300655318095996344e-08 3.7300655318095996344e-08 0
29 1 521.6338608078659 2.2037450789734794759e-08 2.2037450789734794759e-08 0
30 1 676.6319072302431 1.3024032483025603237e-08 1.3024032483025603237e-08 0
31 1 879.1033152397722 7.701617316741062482e-09 7.701617316741062482e-09 0
32 1 1142.4433924462646 4.555336917974399601e-09 4.555336917974399601e-09 0
33 1 1483.4402026999742 2.6950358025257377565e-09 2.6950358025257377565e-09 0
34 1 1929.0573931261897 1.5949240025287433327e-09 1.5949240025287433327e-09 0
35 1 2507.9549845512956 9.43400727485410194e-10 9.43400727485410194e-10 0
36 1 3259.1374109145254 5.582148169264520094e-10 5.582148169264520094e-10 0
37 1 4232.824273744598 3.3040471790375551104e-10 3.3040471790375551104e-10 0
38 1 5502.214542798698 1.9566209675572028557e-10 1.9566209675572028557e-10 